{
  "version": "1.5.0",
  "plugins_used": [
    {
      "name": "ArtifactoryDetector"
    },
    {
      "name": "AWSKeyDetector"
    },
    {
      "name": "AzureStorageKeyDetector"
    },
    {
      "name": "Base64HighEntropyString",
      "limit": 4.5
    },
    {
      "name": "BasicAuthDetector"
    },
    {
      "name": "CloudantDetector"
    },
    {
      "name": "DiscordBotTokenDetector"
    },
    {
      "name": "GitHubTokenDetector"
    },
    {
      "name": "GitLabTokenDetector"
    },
    {
      "name": "HexHighEntropyString",
      "limit": 3.0
    },
    {
      "name": "IbmCloudIamDetector"
    },
    {
      "name": "IbmCosHmacDetector"
    },
    {
      "name": "IPPublicDetector"
    },
    {
      "name": "JwtTokenDetector"
    },
    {
      "name": "KeywordDetector",
      "keyword_exclude": ""
    },
    {
      "name": "MailchimpDetector"
    },
    {
      "name": "NpmDetector"
    },
    {
      "name": "OpenAIDetector"
    },
    {
      "name": "PrivateKeyDetector"
    },
    {
      "name": "PypiTokenDetector"
    },
    {
      "name": "SendGridDetector"
    },
    {
      "name": "SlackDetector"
    },
    {
      "name": "SoftlayerDetector"
    },
    {
      "name": "SquareOAuthDetector"
    },
    {
      "name": "StripeDetector"
    },
    {
      "name": "TelegramBotTokenDetector"
    },
    {
      "name": "TwilioKeyDetector"
    }
  ],
  "filters_used": [
    {
      "path": "detect_secrets.filters.allowlist.is_line_allowlisted"
    },
    {
      "path": "detect_secrets.filters.common.is_baseline_file",
      "filename": ".secrets.baseline"
    },
    {
      "path": "detect_secrets.filters.common.is_ignored_due_to_verification_policies",
      "min_level": 2
    },
    {
      "path": "detect_secrets.filters.heuristic.is_indirect_reference"
    },
    {
      "path": "detect_secrets.filters.heuristic.is_likely_id_string"
    },
    {
      "path": "detect_secrets.filters.heuristic.is_lock_file"
    },
    {
      "path": "detect_secrets.filters.heuristic.is_not_alphanumeric_string"
    },
    {
      "path": "detect_secrets.filters.heuristic.is_potential_uuid"
    },
    {
      "path": "detect_secrets.filters.heuristic.is_prefixed_with_dollar_sign"
    },
    {
      "path": "detect_secrets.filters.heuristic.is_sequential_string"
    },
    {
      "path": "detect_secrets.filters.heuristic.is_swagger_file"
    },
    {
      "path": "detect_secrets.filters.heuristic.is_templated_secret"
    },
    {
      "path": "detect_secrets.filters.regex.should_exclude_file",
      "pattern": [
        "tests/fixtures/.*"
      ]
    }
  ],
  "results": {
    "LOGIN_CREDENTIALS.md": [
      {
        "type": "Secret Keyword",
        "filename": "LOGIN_CREDENTIALS.md",
        "hashed_secret": "bdc5da9d9baf1f0445914a7dc30568875a255877",
        "is_verified": false,
        "line_number": 30
      },
      {
        "type": "Secret Keyword",
        "filename": "LOGIN_CREDENTIALS.md",
        "hashed_secret": "1340ea841697ca2b8da30063457ad1b46ef90623",
        "is_verified": false,
        "line_number": 98
      }
    ],
    "TESTING_DEPLOYMENT.md": [
      {
        "type": "Secret Keyword",
        "filename": "TESTING_DEPLOYMENT.md",
        "hashed_secret": "1ded3053d0363079a4e681a3b700435d6d880290",
        "is_verified": false,
        "line_number": 181
      }
    ],
    "backend\\.env.docker.example": [
      {
        "type": "Basic Auth Credentials",
        "filename": "backend\\.env.docker.example",
        "hashed_secret": "cf3f5c84a9e880f881cb45a09b63c6b24fad4e19",
        "is_verified": false,
        "line_number": 19
      }
    ],
    "backend\\.env.example": [
      {
        "type": "Base64 High Entropy String",
        "filename": "backend\\.env.example",
        "hashed_secret": "aeebf3a75c77cd6b1c38e95566353680d46366aa",
        "is_verified": false,
        "line_number": 25
      }
    ],
    "backend\\.env.production.example": [
      {
        "type": "Basic Auth Credentials",
        "filename": "backend\\.env.production.example",
        "hashed_secret": "5baa61e4c9b93f3f0682250b6cf8331b7ee68fd8",
        "is_verified": false,
        "line_number": 37
      }
    ],
    "backend\\temp_db_query.py": [
      {
        "type": "Basic Auth Credentials",
        "filename": "backend\\temp_db_query.py",
        "hashed_secret": "b18eba2af441bf0bdefa00474b259284ca6753ff",
        "is_verified": false,
        "line_number": 6
      }
    ],
    "backend\\tests\\test_main_app.py": [
      {
        "type": "Secret Keyword",
        "filename": "backend\\tests\\test_main_app.py",
        "hashed_secret": "216dfaf7d2428f38b9f909464c33b601628a1d78",
        "is_verified": false,
        "line_number": 212
      }
    ],
    "backend\\tests\\test_query_profiler.py": [
      {
        "type": "Hex High Entropy String",
        "filename": "backend\\tests\\test_query_profiler.py",
        "hashed_secret": "90bd1b48e958257948487b90bee080ba5ed00caa",
        "is_verified": false,
        "line_number": 565
      }
    ],
    "node_modules\\.package-lock.json": [
      {
        "type": "Base64 High Entropy String",
        "filename": "node_modules\\.package-lock.json",
        "hashed_secret": "2e6b6704681035cfc4ade73c7283a1f16652ba57",
        "is_verified": false,
        "line_number": 9
      },
      {
        "type": "Base64 High Entropy String",
        "filename": "node_modules\\.package-lock.json",
        "hashed_secret": "7d3841b45fb5744b921630683ce600bd45f772c1",
        "is_verified": false,
        "line_number": 25
      },
      {
        "type": "Base64 High Entropy String",
        "filename": "node_modules\\.package-lock.json",
        "hashed_secret": "067fbc219fa9b4a504da4676e9ed3eba8cb4d5cc",
        "is_verified": false,
        "line_number": 44
      }
    ],
    "node_modules\\playwright\\types\\test.d.ts": [
      {
        "type": "Secret Keyword",
        "filename": "node_modules\\playwright\\types\\test.d.ts",
        "hashed_secret": "25ab86bed149ca6ca9c1c0d5db7c9a91388ddeab",
        "is_verified": false,
        "line_number": 6244
      },
      {
        "type": "Secret Keyword",
        "filename": "node_modules\\playwright\\types\\test.d.ts",
        "hashed_secret": "9d4e1e23bd5b727046a9e3b4b7db57bd8d6ee684",
        "is_verified": false,
        "line_number": 7163
      },
      {
        "type": "Secret Keyword",
        "filename": "node_modules\\playwright\\types\\test.d.ts",
        "hashed_secret": "5baa61e4c9b93f3f0682250b6cf8331b7ee68fd8",
        "is_verified": false,
        "line_number": 7679
      }
    ],
    "operator-dashboard\\src\\__tests__\\integration\\AuthenticationFlow.test.tsx": [
      {
        "type": "Secret Keyword",
        "filename": "operator-dashboard\\src\\__tests__\\integration\\AuthenticationFlow.test.tsx",
        "hashed_secret": "cbfdac6008f9cab4083784cbd1874f76618d2a97",
        "is_verified": false,
        "line_number": 82
      }
    ],
    "operator-dashboard\\src\\api\\__tests__\\auth.test.ts": [
      {
        "type": "Secret Keyword",
        "filename": "operator-dashboard\\src\\api\\__tests__\\auth.test.ts",
        "hashed_secret": "cbfdac6008f9cab4083784cbd1874f76618d2a97",
        "is_verified": false,
        "line_number": 43
      }
    ],
    "operator-dashboard\\src\\api\\__tests__\\users.test.ts": [
      {
        "type": "Secret Keyword",
        "filename": "operator-dashboard\\src\\api\\__tests__\\users.test.ts",
        "hashed_secret": "cbfdac6008f9cab4083784cbd1874f76618d2a97",
        "is_verified": false,
        "line_number": 79
      },
      {
        "type": "Secret Keyword",
        "filename": "operator-dashboard\\src\\api\\__tests__\\users.test.ts",
        "hashed_secret": "a240a1757ef2e0abf3f252dccec6895fc90d6385",
        "is_verified": false,
        "line_number": 198
      }
    ],
    "operator-dashboard\\src\\contexts\\__tests__\\AuthContext.test.tsx": [
      {
        "type": "Secret Keyword",
        "filename": "operator-dashboard\\src\\contexts\\__tests__\\AuthContext.test.tsx",
        "hashed_secret": "cbfdac6008f9cab4083784cbd1874f76618d2a97",
        "is_verified": false,
        "line_number": 115
      },
      {
        "type": "Secret Keyword",
        "filename": "operator-dashboard\\src\\contexts\\__tests__\\AuthContext.test.tsx",
        "hashed_secret": "9d4e1e23bd5b727046a9e3b4b7db57bd8d6ee684",
        "is_verified": false,
        "line_number": 146
      }
    ],
    "operator-dashboard\\src\\mocks\\data.ts": [
      {
        "type": "Hex High Entropy String",
        "filename": "operator-dashboard\\src\\mocks\\data.ts",
        "hashed_secret": "90bd1b48e958257948487b90bee080ba5ed00caa",
        "is_verified": false,
        "line_number": 641
      }
    ],
    "operator-dashboard\\src\\mocks\\handlers.ts": [
      {
        "type": "Secret Keyword",
        "filename": "operator-dashboard\\src\\mocks\\handlers.ts",
        "hashed_secret": "89e495e7941cf9e40e6980d14a16bf023ccd4c91",
        "is_verified": false,
        "line_number": 320
      }
    ],
    "operator-dashboard\\src\\pages\\__tests__\\Login.test.tsx": [
      {
        "type": "Secret Keyword",
        "filename": "operator-dashboard\\src\\pages\\__tests__\\Login.test.tsx",
        "hashed_secret": "cbfdac6008f9cab4083784cbd1874f76618d2a97",
        "is_verified": false,
        "line_number": 61
      }
    ],
    "operator-dashboard\\tests\\fixtures\\test-data.ts": [
      {
        "type": "Secret Keyword",
        "filename": "operator-dashboard\\tests\\fixtures\\test-data.ts",
        "hashed_secret": "bdc5da9d9baf1f0445914a7dc30568875a255877",
        "is_verified": false,
        "line_number": 36
      },
      {
        "type": "Secret Keyword",
        "filename": "operator-dashboard\\tests\\fixtures\\test-data.ts",
        "hashed_secret": "d8ecf7db8fc9ec9c31bc5c9ae2929cc599c75f8d",
        "is_verified": false,
        "line_number": 41
      }
    ],
    "portal\\backend\\.env.example": [
      {
        "type": "Basic Auth Credentials",
        "filename": "portal\\backend\\.env.example",
        "hashed_secret": "5baa61e4c9b93f3f0682250b6cf8331b7ee68fd8",
        "is_verified": false,
        "line_number": 8
      }
    ],
    "portal\\backend\\alembic.ini": [
      {
        "type": "Basic Auth Credentials",
        "filename": "portal\\backend\\alembic.ini",
        "hashed_secret": "9d4e1e23bd5b727046a9e3b4b7db57bd8d6ee684",
        "is_verified": false,
        "line_number": 88
      }
    ],
    "portal\\backend\\app\\schemas\\user.py": [
      {
        "type": "Secret Keyword",
        "filename": "portal\\backend\\app\\schemas\\user.py",
        "hashed_secret": "463d8353f4b927fd953e5af7c41084183e8ce5fb",
        "is_verified": false,
        "line_number": 21
      }
    ],
    "portal\\backend\\tests\\test_portal_api.py": [
      {
        "type": "Secret Keyword",
        "filename": "portal\\backend\\tests\\test_portal_api.py",
        "hashed_secret": "cbfdac6008f9cab4083784cbd1874f76618d2a97",
        "is_verified": false,
        "line_number": 15
      },
      {
        "type": "Secret Keyword",
        "filename": "portal\\backend\\tests\\test_portal_api.py",
        "hashed_secret": "c18006fc138809314751cd1991f1e0b820fabd37",
        "is_verified": false,
        "line_number": 43
      },
      {
        "type": "Secret Keyword",
        "filename": "portal\\backend\\tests\\test_portal_api.py",
        "hashed_secret": "d8ecf7db8fc9ec9c31bc5c9ae2929cc599c75f8d",
        "is_verified": false,
        "line_number": 57
      }
    ],
    "test_backend_integration.py": [
      {
        "type": "Secret Keyword",
        "filename": "test_backend_integration.py",
        "hashed_secret": "bdc5da9d9baf1f0445914a7dc30568875a255877",
        "is_verified": false,
        "line_number": 28
      }
    ],
    "test_frontend_api_calls.py": [
      {
        "type": "Secret Keyword",
        "filename": "test_frontend_api_calls.py",
        "hashed_secret": "bdc5da9d9baf1f0445914a7dc30568875a255877",
        "is_verified": false,
        "line_number": 27
      },
      {
        "type": "Secret Keyword",
        "filename": "test_frontend_api_calls.py",
        "hashed_secret": "6eb67d95dba1a614971e31e78146d44bd4a3ada3",
        "is_verified": false,
        "line_number": 209
      }
    ],
    "test_frontend_backend_alignment.py": [
      {
        "type": "Secret Keyword",
        "filename": "test_frontend_backend_alignment.py",
        "hashed_secret": "bdc5da9d9baf1f0445914a7dc30568875a255877",
        "is_verified": false,
        "line_number": 78
      }
    ],
    "test_frontend_integration.py": [
      {
        "type": "Secret Keyword",
        "filename": "test_frontend_integration.py",
        "hashed_secret": "bdc5da9d9baf1f0445914a7dc30568875a255877",
        "is_verified": false,
        "line_number": 19
      },
      {
        "type": "Secret Keyword",
        "filename": "test_frontend_integration.py",
        "hashed_secret": "d8ecf7db8fc9ec9c31bc5c9ae2929cc599c75f8d",
        "is_verified": false,
        "line_number": 136
      }
    ],
    "testing-environment-variables.txt": [
      {
        "type": "Secret Keyword",
        "filename": "testing-environment-variables.txt",
        "hashed_secret": "7936451b79f03a1a7dbbf1eaa40d4848f6da87bd",
        "is_verified": false,
        "line_number": 8
      },
      {
        "type": "Secret Keyword",
        "filename": "testing-environment-variables.txt",
        "hashed_secret": "ad03008af48c819ff071c9a0e9ecd8f5dec95978",
        "is_verified": false,
        "line_number": 12
      }
    ],
    "tests\\e2e\\wizard-minimal.spec.ts": [
      {
        "type": "Secret Keyword",
        "filename": "tests\\e2e\\wizard-minimal.spec.ts",
        "hashed_secret": "bdc5da9d9baf1f0445914a7dc30568875a255877",
        "is_verified": false,
        "line_number": 9
      }
    ],
    "tests\\fixtures\\model_factories.py": [
      {
        "type": "Hex High Entropy String",
        "filename": "tests\\fixtures\\model_factories.py",
        "hashed_secret": "90bd1b48e958257948487b90bee080ba5ed00caa",
        "is_verified": false,
        "line_number": 368
      }
    ],
    "tests\\integration\\test_ai_assistant_api.py": [
      {
        "type": "Secret Keyword",
        "filename": "tests\\integration\\test_ai_assistant_api.py",
        "hashed_secret": "c15aef4390301f1d950f8c53008d0d79bc2e44e5",
        "is_verified": false,
        "line_number": 48
      }
    ],
    "tests\\integration\\test_auth_flow.py": [
      {
        "type": "Secret Keyword",
        "filename": "tests\\integration\\test_auth_flow.py",
        "hashed_secret": "2d5bb0c6df7f6959fe676456b4bb40fe5ee14525",
        "is_verified": false,
        "line_number": 149
      }
    ],
    "tests\\integration\\test_client_deletion.py": [
      {
        "type": "Secret Keyword",
        "filename": "tests\\integration\\test_client_deletion.py",
        "hashed_secret": "1c58bd92003bbaa0538e249fff6ee19a270dec5f",
        "is_verified": false,
        "line_number": 78
      }
    ],
    "tests\\integration\\test_full_system_e2e.py": [
      {
        "type": "Secret Keyword",
        "filename": "tests\\integration\\test_full_system_e2e.py",
        "hashed_secret": "1c58bd92003bbaa0538e249fff6ee19a270dec5f",
        "is_verified": false,
        "line_number": 24
      },
      {
        "type": "Secret Keyword",
        "filename": "tests\\integration\\test_full_system_e2e.py",
        "hashed_secret": "98e540ffae8223c143f1453da4c8604ca943213e",
        "is_verified": false,
        "line_number": 34
      },
      {
        "type": "Secret Keyword",
        "filename": "tests\\integration\\test_full_system_e2e.py",
        "hashed_secret": "ea8714902e75070dcbd3022f2e0f632f666fa349",
        "is_verified": false,
        "line_number": 43
      }
    ],
    "tests\\integration\\test_healthcare_full_workflow_e2e.py": [
      {
        "type": "Secret Keyword",
        "filename": "tests\\integration\\test_healthcare_full_workflow_e2e.py",
        "hashed_secret": "1c58bd92003bbaa0538e249fff6ee19a270dec5f",
        "is_verified": false,
        "line_number": 43
      }
    ],
    "tests\\integration\\test_healthcare_template_blog_e2e.py": [
      {
        "type": "Secret Keyword",
        "filename": "tests\\integration\\test_healthcare_template_blog_e2e.py",
        "hashed_secret": "1c58bd92003bbaa0538e249fff6ee19a270dec5f",
        "is_verified": false,
        "line_number": 48
      }
    ],
    "tests\\integration\\test_healthcare_workflow_simple_e2e.py": [
      {
        "type": "Secret Keyword",
        "filename": "tests\\integration\\test_healthcare_workflow_simple_e2e.py",
        "hashed_secret": "1c58bd92003bbaa0538e249fff6ee19a270dec5f",
        "is_verified": false,
        "line_number": 49
      }
    ],
    "tests\\integration\\test_integration_status_bug31.py": [
      {
        "type": "Secret Keyword",
        "filename": "tests\\integration\\test_integration_status_bug31.py",
        "hashed_secret": "1c58bd92003bbaa0538e249fff6ee19a270dec5f",
        "is_verified": false,
        "line_number": 50
      },
      {
        "type": "Secret Keyword",
        "filename": "tests\\integration\\test_integration_status_bug31.py",
        "hashed_secret": "a1fd561ac2bd1b7c60d4acf6a4ad10781ad4ba4f",
        "is_verified": false,
        "line_number": 66
      },
      {
        "type": "Secret Keyword",
        "filename": "tests\\integration\\test_integration_status_bug31.py",
        "hashed_secret": "d47cb3a389748bd24b2a2f37c78ae4d4e6966329",
        "is_verified": false,
        "line_number": 94
      },
      {
        "type": "Secret Keyword",
        "filename": "tests\\integration\\test_integration_status_bug31.py",
        "hashed_secret": "be693e8380fabd69155d36570b629b09ccd244db",
        "is_verified": false,
        "line_number": 122
      }
    ],
    "tests\\integration\\test_jwt_security.py": [
      {
        "type": "Secret Keyword",
        "filename": "tests\\integration\\test_jwt_security.py",
        "hashed_secret": "8ae2ad11392b6bef22ac6ed6a9bd4b524761bdbd",
        "is_verified": false,
        "line_number": 205
      }
    ],
    "tests\\integration\\test_platform_generation.py": [
      {
        "type": "Secret Keyword",
        "filename": "tests\\integration\\test_platform_generation.py",
        "hashed_secret": "1c58bd92003bbaa0538e249fff6ee19a270dec5f",
        "is_verified": false,
        "line_number": 51
      }
    ],
    "tests\\integration\\test_proxy_headers.py": [
      {
        "type": "Secret Keyword",
        "filename": "tests\\integration\\test_proxy_headers.py",
        "hashed_secret": "1c58bd92003bbaa0538e249fff6ee19a270dec5f",
        "is_verified": false,
        "line_number": 93
      }
    ],
    "tests\\integration\\test_rate_limiting.py": [
      {
        "type": "Secret Keyword",
        "filename": "tests\\integration\\test_rate_limiting.py",
        "hashed_secret": "1c58bd92003bbaa0538e249fff6ee19a270dec5f",
        "is_verified": false,
        "line_number": 29
      },
      {
        "type": "Secret Keyword",
        "filename": "tests\\integration\\test_rate_limiting.py",
        "hashed_secret": "72559b51f94a7a3ad058c5740cbe2f7cb0d4080b",
        "is_verified": false,
        "line_number": 58
      }
    ],
    "tests\\integration\\test_router_audit.py": [
      {
        "type": "Secret Keyword",
        "filename": "tests\\integration\\test_router_audit.py",
        "hashed_secret": "1c58bd92003bbaa0538e249fff6ee19a270dec5f",
        "is_verified": false,
        "line_number": 57
      },
      {
        "type": "Secret Keyword",
        "filename": "tests\\integration\\test_router_audit.py",
        "hashed_secret": "449ed97bdef672c3aadc98dcdaa63fe9d357f8f1",
        "is_verified": false,
        "line_number": 265
      }
    ],
    "tests\\integration\\test_router_auth.py": [
      {
        "type": "Secret Keyword",
        "filename": "tests\\integration\\test_router_auth.py",
        "hashed_secret": "1c58bd92003bbaa0538e249fff6ee19a270dec5f",
        "is_verified": false,
        "line_number": 73
      },
      {
        "type": "Secret Keyword",
        "filename": "tests\\integration\\test_router_auth.py",
        "hashed_secret": "b1e756dd5dc22b5790578e54002ea28373d1674c",
        "is_verified": false,
        "line_number": 91
      },
      {
        "type": "Secret Keyword",
        "filename": "tests\\integration\\test_router_auth.py",
        "hashed_secret": "d8ecf7db8fc9ec9c31bc5c9ae2929cc599c75f8d",
        "is_verified": false,
        "line_number": 104
      },
      {
        "type": "Secret Keyword",
        "filename": "tests\\integration\\test_router_auth.py",
        "hashed_secret": "cbfdac6008f9cab4083784cbd1874f76618d2a97",
        "is_verified": false,
        "line_number": 299
      }
    ],
    "tests\\integration\\test_router_database.py": [
      {
        "type": "Secret Keyword",
        "filename": "tests\\integration\\test_router_database.py",
        "hashed_secret": "cab010531e49426611029536730431247dac8240",
        "is_verified": false,
        "line_number": 64
      },
      {
        "type": "Secret Keyword",
        "filename": "tests\\integration\\test_router_database.py",
        "hashed_secret": "dea2beebdae5f8e8b735d22a6f434e8368c7b675",
        "is_verified": false,
        "line_number": 77
      }
    ],
    "tests\\integration\\test_router_research_new_endpoints.py": [
      {
        "type": "Secret Keyword",
        "filename": "tests\\integration\\test_router_research_new_endpoints.py",
        "hashed_secret": "cbfdac6008f9cab4083784cbd1874f76618d2a97",
        "is_verified": false,
        "line_number": 41
      }
    ],
    "tests\\integration\\test_template_quantities_e2e.py": [
      {
        "type": "Secret Keyword",
        "filename": "tests\\integration\\test_template_quantities_e2e.py",
        "hashed_secret": "4bd074cf429ab454cd7bee74be51083a93cd8aa9",
        "is_verified": false,
        "line_number": 109
      }
    ],
    "tests\\integration\\test_user_free_credits.py": [
      {
        "type": "Secret Keyword",
        "filename": "tests\\integration\\test_user_free_credits.py",
        "hashed_secret": "f409ce90a1cd144912d1df8620215b2dc9fda731",
        "is_verified": false,
        "line_number": 29
      },
      {
        "type": "Secret Keyword",
        "filename": "tests\\integration\\test_user_free_credits.py",
        "hashed_secret": "6318553899daae2941718c02508aeee938af1a1c",
        "is_verified": false,
        "line_number": 75
      }
    ],
    "tests\\integration\\test_workflow_end_to_end.py": [
      {
        "type": "Secret Keyword",
        "filename": "tests\\integration\\test_workflow_end_to_end.py",
        "hashed_secret": "1c58bd92003bbaa0538e249fff6ee19a270dec5f",
        "is_verified": false,
        "line_number": 63
      },
      {
        "type": "Secret Keyword",
        "filename": "tests\\integration\\test_workflow_end_to_end.py",
        "hashed_secret": "d8ecf7db8fc9ec9c31bc5c9ae2929cc599c75f8d",
        "is_verified": false,
        "line_number": 79
      }
    ],
    "tests\\integration\\test_workflow_research_regeneration.py": [
      {
        "type": "Secret Keyword",
        "filename": "tests\\integration\\test_workflow_research_regeneration.py",
        "hashed_secret": "1c58bd92003bbaa0538e249fff6ee19a270dec5f",
        "is_verified": false,
        "line_number": 50
      }
    ],
    "tests\\unit\\conftest.py": [
      {
        "type": "Secret Keyword",
        "filename": "tests\\unit\\conftest.py",
        "hashed_secret": "a77ba1b16d47f499471fb2e84fe01cf41bf910bd",
        "is_verified": false,
        "line_number": 41
      }
    ],
    "tests\\unit\\test_anthropic_client_errors.py": [
      {
        "type": "Secret Keyword",
        "filename": "tests\\unit\\test_anthropic_client_errors.py",
        "hashed_secret": "a41c6ca7c37080164ea6ececaf3c0286159f7e43",
        "is_verified": false,
        "line_number": 90
      }
    ],
    "tests\\unit\\test_credit_service.py": [
      {
        "type": "Secret Keyword",
        "filename": "tests\\unit\\test_credit_service.py",
        "hashed_secret": "6318553899daae2941718c02508aeee938af1a1c",
        "is_verified": false,
        "line_number": 44
      }
    ],
    "tests\\unit\\test_dataforseo_client.py": [
      {
        "type": "Secret Keyword",
        "filename": "tests\\unit\\test_dataforseo_client.py",
        "hashed_secret": "e5e9fa1ba31ecd1ae84f75caaa474f3a663f05f4",
        "is_verified": false,
        "line_number": 85
      }
    ],
    "tests\\unit\\test_db_monitor.py": [
      {
        "type": "Basic Auth Credentials",
        "filename": "tests\\unit\\test_db_monitor.py",
        "hashed_secret": "9d4e1e23bd5b727046a9e3b4b7db57bd8d6ee684",
        "is_verified": false,
        "line_number": 22
      }
    ],
    "tests\\unit\\test_password_policy.py": [
      {
        "type": "Secret Keyword",
        "filename": "tests\\unit\\test_password_policy.py",
        "hashed_secret": "137d7b6b6352d4bc945f76fa14a2c3095d5e8865",
        "is_verified": false,
        "line_number": 7
      },
      {
        "type": "Hex High Entropy String",
        "filename": "tests\\unit\\test_password_policy.py",
        "hashed_secret": "b4c9248600a42f8c38c01b632f392dbcb4c7b19a",
        "is_verified": false,
        "line_number": 68
      },
      {
        "type": "Hex High Entropy String",
        "filename": "tests\\unit\\test_password_policy.py",
        "hashed_secret": "567552261d51356f1b6d8ab99722533781dfa0ab",
        "is_verified": false,
        "line_number": 71
      }
    ],
    "tests\\unit\\test_platform_migration.py": [
      {
        "type": "Secret Keyword",
        "filename": "tests\\unit\\test_platform_migration.py",
        "hashed_secret": "6318553899daae2941718c02508aeee938af1a1c",
        "is_verified": false,
        "line_number": 74
      }
    ],
    "tests\\unit\\test_secrets_manager.py": [
      {
        "type": "Secret Keyword",
        "filename": "tests\\unit\\test_secrets_manager.py",
        "hashed_secret": "39f69c278f46165447f30d10acf54277aaa3d5fc",
        "is_verified": false,
        "line_number": 120
      },
      {
        "type": "Secret Keyword",
        "filename": "tests\\unit\\test_secrets_manager.py",
        "hashed_secret": "c6e454d960df4845f9d69eb11377c8b23882715b",
        "is_verified": false,
        "line_number": 448
      },
      {
        "type": "Secret Keyword",
        "filename": "tests\\unit\\test_secrets_manager.py",
        "hashed_secret": "fd0ef1fb9f5dbc367c4ec061500002a22d109bab",
        "is_verified": false,
        "line_number": 619
      },
      {
        "type": "Secret Keyword",
        "filename": "tests\\unit\\test_secrets_manager.py",
        "hashed_secret": "4de95cbac47d5d7952bc44cabc2fe0ab8821edac",
        "is_verified": false,
        "line_number": 783
      }
    ],
    "tests\\unit\\test_settings_service.py": [
      {
        "type": "Secret Keyword",
        "filename": "tests\\unit\\test_settings_service.py",
        "hashed_secret": "c92b87637b555c949affa105045cbcd872e0a669",
        "is_verified": false,
        "line_number": 159
      }
    ],
    "tests\\unit\\test_web_search_factory.py": [
      {
        "type": "Secret Keyword",
        "filename": "tests\\unit\\test_web_search_factory.py",
        "hashed_secret": "42dd1d6b6d4339ba3ced36bd744fbdbc39f303f2",
        "is_verified": false,
        "line_number": 84
      }
    ],
    "tests\\unit\\utils\\test_census_client.py": [
      {
        "type": "Secret Keyword",
        "filename": "tests\\unit\\utils\\test_census_client.py",
        "hashed_secret": "6367c48dd193d56ea7b0baad25b19455e529f5ee",
        "is_verified": false,
        "line_number": 165
      }
    ],
    "tests\\unit\\utils\\test_google_maps_search.py": [
      {
        "type": "Secret Keyword",
        "filename": "tests\\unit\\utils\\test_google_maps_search.py",
        "hashed_secret": "816cc20437d859538736e1ef46558b7bda486c06",
        "is_verified": false,
        "line_number": 199
      },
      {
        "type": "Secret Keyword",
        "filename": "tests\\unit\\utils\\test_google_maps_search.py",
        "hashed_secret": "0b8d37ac0768fc1fc701b0c5e8d2af6d3cb3856b",
        "is_verified": false,
        "line_number": 201
      },
      {
        "type": "Secret Keyword",
        "filename": "tests\\unit\\utils\\test_google_maps_search.py",
        "hashed_secret": "d5bc5015ba84dfab1587b306a027052c3d44e2e0",
        "is_verified": false,
        "line_number": 216
      },
      {
        "type": "Secret Keyword",
        "filename": "tests\\unit\\utils\\test_google_maps_search.py",
        "hashed_secret": "e48c47f1431afd3bb030deea266b4309e2228c5b",
        "is_verified": false,
        "line_number": 282
      },
      {
        "type": "Secret Keyword",
        "filename": "tests\\unit\\utils\\test_google_maps_search.py",
        "hashed_secret": "0a19a734afee8a5d1209dc072bcd00fc5bad8009",
        "is_verified": false,
        "line_number": 548
      },
      {
        "type": "Secret Keyword",
        "filename": "tests\\unit\\utils\\test_google_maps_search.py",
        "hashed_secret": "a34e934f5be6b47b89c4b547b0a8fd1fde90be77",
        "is_verified": false,
        "line_number": 775
      },
      {
        "type": "Secret Keyword",
        "filename": "tests\\unit\\utils\\test_google_maps_search.py",
        "hashed_secret": "69de6cdf6ab35ed23f015df2954cde2b315107e6",
        "is_verified": false,
        "line_number": 778
      },
      {
        "type": "Secret Keyword",
        "filename": "tests\\unit\\utils\\test_google_maps_search.py",
        "hashed_secret": "c71567a11c91d054a1a7a276f132044ca1ffc130",
        "is_verified": false,
        "line_number": 787
      },
      {
        "type": "Secret Keyword",
        "filename": "tests\\unit\\utils\\test_google_maps_search.py",
        "hashed_secret": "78a70ecda5f1e5d9b34eb86b887c66153f1fa03f",
        "is_verified": false,
        "line_number": 789
      }
    ],
    "tests\\unit\\utils\\test_web_search.py": [
      {
        "type": "Secret Keyword",
        "filename": "tests\\unit\\utils\\test_web_search.py",
        "hashed_secret": "00942f4668670f34c5943cf52c7ef3139fe2b8d6",
        "is_verified": false,
        "line_number": 73
      },
      {
        "type": "Secret Keyword",
        "filename": "tests\\unit\\utils\\test_web_search.py",
        "hashed_secret": "0b8d37ac0768fc1fc701b0c5e8d2af6d3cb3856b",
        "is_verified": false,
        "line_number": 91
      },
      {
        "type": "Secret Keyword",
        "filename": "tests\\unit\\utils\\test_web_search.py",
        "hashed_secret": "674013901f21406c23b3805cc0926cc922fa06d5",
        "is_verified": false,
        "line_number": 254
      },
      {
        "type": "Secret Keyword",
        "filename": "tests\\unit\\utils\\test_web_search.py",
        "hashed_secret": "c0e6d9dfbd0bc9353c93d1919f80ec6f33ce6f44",
        "is_verified": false,
        "line_number": 322
      },
      {
        "type": "Secret Keyword",
        "filename": "tests\\unit\\utils\\test_web_search.py",
        "hashed_secret": "797d373ec5210df8c02d25eadcda5f5567400416",
        "is_verified": false,
        "line_number": 330
      },
      {
        "type": "Secret Keyword",
        "filename": "tests\\unit\\utils\\test_web_search.py",
        "hashed_secret": "299479610567fddf701fce3506a643b71bc5163e",
        "is_verified": false,
        "line_number": 495
      },
      {
        "type": "Secret Keyword",
        "filename": "tests\\unit\\utils\\test_web_search.py",
        "hashed_secret": "1937ae541c4f70b93f427a797d105b043c47d100",
        "is_verified": false,
        "line_number": 508
      }
    ]
  },
  "generated_at": "2026-07-10T07:58:59Z"
}
