============================= test session starts =============================
platform win32 -- Python 3.12.6, pytest-7.4.4, pluggy-1.6.0 -- C:\git\project\CONTENT MARKETING\30 Day Content Jumpstart\project\venv\Scripts\python.exe
cachedir: .pytest_cache
rootdir: C:\git\project\CONTENT MARKETING\30 Day Content Jumpstart\project
configfile: pyproject.toml
plugins: anyio-3.7.1, Faker-22.0.0, asyncio-0.23.3, cov-4.1.0, mock-3.12.0
asyncio: mode=Mode.STRICT
collecting ... collected 542 items

tests/test_models.py::TestTemplate::test_template_creation PASSED        [  0%]
tests/test_models.py::TestClientBrief::test_brief_creation PASSED        [  0%]
tests/test_models.py::TestClientBrief::test_to_context_dict PASSED       [  0%]
tests/test_models.py::TestPost::test_post_creation PASSED                [  0%]
tests/test_models.py::TestPost::test_post_too_short FAILED               [  0%]
tests/test_models.py::TestPost::test_cta_detection PASSED                [  1%]
tests/test_models.py::TestPost::test_flag_for_review PASSED              [  1%]
tests/test_revision_db.py::test_database_initialization PASSED           [  1%]
tests/test_revision_db.py::test_create_project ERROR                     [  1%]
tests/test_revision_db.py::test_revision_scope ERROR                     [  1%]
tests/test_revision_db.py::test_create_revision ERROR                    [  2%]
tests/test_revision_db.py::test_create_revision_posts ERROR              [  2%]
tests/test_revision_db.py::test_scope_limit_enforcement ERROR            [  2%]
tests/test_revision_db.py::test_client_stats ERROR                       [  2%]
tests/test_revision_db.py::test_get_all_projects_by_client ERROR         [  2%]
tests/test_validators.py::TestHookValidator::test_all_unique_hooks PASSED [  2%]
tests/test_validators.py::TestHookValidator::test_exact_duplicate_hooks PASSED [  3%]
tests/test_validators.py::TestHookValidator::test_near_duplicate_hooks PASSED [  3%]
tests/test_validators.py::TestHookValidator::test_dissimilar_hooks PASSED [  3%]
tests/test_validators.py::TestHookValidator::test_empty_posts PASSED     [  3%]
tests/test_validators.py::TestHookValidator::test_single_post PASSED     [  3%]
tests/test_validators.py::TestCTAValidator::test_good_cta_variety PASSED [  4%]
tests/test_validators.py::TestCTAValidator::test_overused_cta PASSED     [  4%]
tests/test_validators.py::TestCTAValidator::test_missing_ctas PASSED     [  4%]
tests/test_validators.py::TestCTAValidator::test_cta_pattern_detection PASSED [  4%]
tests/test_validators.py::TestLengthValidator::test_all_posts_in_optimal_range PASSED [  4%]
tests/test_validators.py::TestLengthValidator::test_too_short_posts PASSED [  4%]
tests/test_validators.py::TestLengthValidator::test_too_long_posts PASSED [  5%]
tests/test_validators.py::TestLengthValidator::test_lack_of_variety PASSED [  5%]
tests/test_validators.py::TestLengthValidator::test_length_distribution PASSED [  5%]
tests/test_validators.py::TestLengthValidator::test_average_length_calculation PASSED [  5%]
tests/test_validators.py::TestQAReport::test_qa_report_creation FAILED   [  5%]
tests/test_validators.py::TestQAReport::test_qa_report_markdown_generation FAILED [  6%]
tests/test_validators.py::TestQAReport::test_qa_report_summary_string FAILED [  6%]
tests/agent/test_agent_tools.py::TestAgentTools::test_list_clients PASSED [  6%]
tests/agent/test_agent_tools.py::TestAgentTools::test_list_projects PASSED [  6%]
tests/agent/test_agent_tools.py::TestAgentTools::test_list_projects_with_filter FAILED [  6%]
tests/agent/test_agent_tools.py::TestAgentTools::test_read_file_not_found PASSED [  7%]
tests/agent/test_agent_tools.py::TestAgentTools::test_search_files_empty_pattern PASSED [  7%]
tests/agent/test_agent_tools.py::TestAgentTools::test_get_available_tools PASSED [  7%]
tests/agent/test_agent_tools.py::TestAgentTools::test_extract_project_id PASSED [  7%]
tests/agent/test_agent_tools.py::TestAgentTools::test_extract_project_id_not_found PASSED [  7%]
tests/agent/test_context.py::TestConversationContext::test_create_context PASSED [  7%]
tests/agent/test_context.py::TestConversationContext::test_add_action PASSED [  8%]
tests/agent/test_context.py::TestConversationContext::test_action_limit PASSED [  8%]
tests/agent/test_context.py::TestConversationContext::test_add_pending_decision PASSED [  8%]
tests/agent/test_context.py::TestConversationContext::test_resolve_pending_decision PASSED [  8%]
tests/agent/test_context.py::TestConversationContext::test_to_dict PASSED [  8%]
tests/agent/test_context.py::TestConversationContext::test_from_dict PASSED [  9%]
tests/agent/test_context.py::TestContextManager::test_save_and_load_context PASSED [  9%]
tests/agent/test_context.py::TestContextManager::test_load_nonexistent_context PASSED [  9%]
tests/agent/test_context.py::TestContextManager::test_get_recent_sessions FAILED [  9%]
tests/agent/test_context.py::TestContextManager::test_delete_context PASSED [  9%]
tests/agent/test_context.py::TestContextManager::test_update_existing_context PASSED [  9%]
tests/agent/test_week2_features.py::TestWorkflowPlanner::test_simple_workflow_creation PASSED [ 10%]
tests/agent/test_week2_features.py::TestWorkflowPlanner::test_onboarding_workflow_creation PASSED [ 10%]
tests/agent/test_week2_features.py::TestWorkflowPlanner::test_batch_operations_workflow PASSED [ 10%]
tests/agent/test_week2_features.py::TestWorkflowPlanner::test_workflow_plan_summary PASSED [ 10%]
tests/agent/test_week2_features.py::TestWorkflowPlanner::test_task_priority_filtering PASSED [ 10%]
tests/agent/test_week2_features.py::TestWorkflowPlanner::test_next_executable_task PASSED [ 11%]
tests/agent/test_week2_features.py::TestSuggestionEngine::test_generate_suggestions_without_db PASSED [ 11%]
tests/agent/test_week2_features.py::TestSuggestionEngine::test_daily_summary_no_suggestions PASSED [ 11%]
tests/agent/test_week2_features.py::TestSuggestionEngine::test_suggestion_display_format PASSED [ 11%]
tests/agent/test_week2_features.py::TestErrorRecoverySystem::test_error_categorization PASSED [ 11%]
tests/agent/test_week2_features.py::TestErrorRecoverySystem::test_recovery_strategy_determination PASSED [ 11%]
tests/agent/test_week2_features.py::TestErrorRecoverySystem::test_sync_retry_success PASSED [ 12%]
tests/agent/test_week2_features.py::TestErrorRecoverySystem::test_sync_retry_max_retries PASSED [ 12%]
tests/agent/test_week2_features.py::TestErrorRecoverySystem::test_async_retry_success PASSED [ 12%]
tests/agent/test_week2_features.py::TestErrorRecoverySystem::test_backoff_calculation PASSED [ 12%]
tests/agent/test_week2_features.py::TestTaskScheduler::test_schedule_one_time_task PASSED [ 12%]
tests/agent/test_week2_features.py::TestTaskScheduler::test_schedule_recurring_task PASSED [ 13%]
tests/agent/test_week2_features.py::TestTaskScheduler::test_get_due_tasks PASSED [ 13%]
tests/agent/test_week2_features.py::TestTaskScheduler::test_mark_task_executed PASSED [ 13%]
tests/agent/test_week2_features.py::TestTaskScheduler::test_cancel_task PASSED [ 13%]
tests/agent/test_week2_features.py::TestEmailSystem::test_create_deliverable_email PASSED [ 13%]
tests/agent/test_week2_features.py::TestEmailSystem::test_create_feedback_email PASSED [ 14%]
tests/agent/test_week2_features.py::TestEmailSystem::test_send_email_development_mode PASSED [ 14%]
tests/agent/test_week2_features.py::TestEmailSystem::test_invoice_reminder_email PASSED [ 14%]
tests/agent/test_week3_features.py::TestConversationHistoryPersistence::test_save_and_load_message PASSED [ 14%]
tests/agent/test_week3_features.py::TestConversationHistoryPersistence::test_save_multiple_messages PASSED [ 14%]
tests/agent/test_week3_features.py::TestConversationHistoryPersistence::test_load_conversation_with_limit PASSED [ 14%]
tests/agent/test_week3_features.py::TestConversationHistoryPersistence::test_export_conversation_markdown PASSED [ 15%]
tests/agent/test_week3_features.py::TestConversationHistoryPersistence::test_search_conversation PASSED [ 15%]
tests/agent/test_week3_features.py::TestConversationHistoryPersistence::test_get_conversation_summary PASSED [ 15%]
tests/agent/test_week3_features.py::TestConversationHistoryPersistence::test_empty_conversation_summary PASSED [ 15%]
tests/agent/test_week3_features.py::TestToolWrappers::test_get_available_tools_includes_new_tools PASSED [ 15%]
tests/agent/test_week3_features.py::TestToolWrappers::test_process_revision_tool_structure PASSED [ 16%]
tests/agent/test_week3_features.py::TestToolWrappers::test_generate_analytics_report_tool_structure PASSED [ 16%]
tests/agent/test_week3_features.py::TestToolWrappers::test_create_posting_schedule_tool_structure PASSED [ 16%]
tests/agent/test_week3_features.py::TestAgentConversationIntegration::test_agent_export_conversation PASSED [ 16%]
tests/agent/test_week3_features.py::TestAgentConversationIntegration::test_agent_search_conversation PASSED [ 16%]
tests/agent/test_week3_features.py::TestRichConsoleOutputFunctions::test_display_message_with_code_blocks PASSED [ 16%]
tests/agent/test_week3_features.py::TestRichConsoleOutputFunctions::test_display_message_without_code_blocks PASSED [ 17%]
tests/agent/test_week3_features.py::TestEndToEndWorkflow::test_conversation_persistence_workflow PASSED [ 17%]
tests/integration/test_backward_compatibility.py::TestBackwardCompatibility::test_old_templates_field_accepted PASSED [ 17%]
tests/integration/test_backward_compatibility.py::TestBackwardCompatibility::test_templates_field_coexists_with_quantities PASSED [ 17%]
tests/integration/test_backward_compatibility.py::TestBackwardCompatibility::test_legacy_project_without_quantities PASSED [ 17%]
tests/integration/test_backward_compatibility.py::TestBackwardCompatibility::test_update_legacy_project_with_quantities PASSED [ 18%]
tests/integration/test_backward_compatibility.py::TestBackwardCompatibility::test_migration_path_templates_to_quantities PASSED [ 18%]
tests/integration/test_backward_compatibility.py::TestBackwardCompatibility::test_empty_templates_field PASSED [ 18%]
tests/integration/test_backward_compatibility.py::TestBackwardCompatibility::test_none_templates_field PASSED [ 18%]
tests/integration/test_backward_compatibility.py::TestBackwardCompatibility::test_intelligent_selection_fallback PASSED [ 18%]
tests/integration/test_backward_compatibility.py::TestTemplateFieldPriority::test_quantities_takes_priority_for_calculation PASSED [ 19%]
tests/integration/test_backward_compatibility.py::TestTemplateFieldPriority::test_explicit_num_posts_preserved PASSED [ 19%]
tests/integration/test_client_memory_db.py::TestClientMemoryDatabase::test_01_get_or_create_client_memory PASSED [ 19%]
tests/integration/test_client_memory_db.py::TestClientMemoryDatabase::test_02_add_project_and_update PASSED [ 19%]
tests/integration/test_client_memory_db.py::TestClientMemoryDatabase::test_03_update_template_preferences PASSED [ 19%]
tests/integration/test_client_memory_db.py::TestClientMemoryDatabase::test_04_update_voice_adjustments PASSED [ 19%]
tests/integration/test_client_memory_db.py::TestClientMemoryDatabase::test_05_store_voice_sample PASSED [ 20%]
tests/integration/test_client_memory_db.py::TestClientMemoryDatabase::test_06_retrieve_voice_samples PASSED [ 20%]
tests/integration/test_client_memory_db.py::TestClientMemoryDatabase::test_07_record_feedback_themes PASSED [ 20%]
tests/integration/test_client_memory_db.py::TestClientMemoryDatabase::test_08_retrieve_feedback_themes PASSED [ 20%]
tests/integration/test_client_memory_db.py::TestClientMemoryDatabase::test_09_update_template_performance PASSED [ 20%]
tests/integration/test_client_memory_db.py::TestClientMemoryDatabase::test_10_retrieve_template_performance PASSED [ 21%]
tests/integration/test_client_memory_db.py::TestClientMemoryDatabase::test_11_get_all_client_names PASSED [ 21%]
tests/integration/test_client_memory_db.py::TestClientMemoryDatabase::test_12_retrieve_updated_memory PASSED [ 21%]
tests/integration/test_coordinator.py::test_coordinator SKIPPED (async
def function and no async plugin installed (see warnings))               [ 21%]
tests/integration/test_full_system_e2e.py::TestAuthenticationFlow::test_login_valid_credentials PASSED [ 21%]
tests/integration/test_full_system_e2e.py::TestAuthenticationFlow::test_login_invalid_password PASSED [ 21%]
tests/integration/test_full_system_e2e.py::TestAuthenticationFlow::test_login_nonexistent_user PASSED [ 22%]
tests/integration/test_full_system_e2e.py::TestAuthenticationFlow::test_login_missing_fields PASSED [ 22%]
tests/integration/test_full_system_e2e.py::TestAuthenticationFlow::test_protected_endpoint_no_token PASSED [ 22%]
tests/integration/test_full_system_e2e.py::TestClientManagement::test_create_client_complete_data PASSED [ 22%]
tests/integration/test_full_system_e2e.py::TestClientManagement::test_create_client_minimal_data PASSED [ 22%]
tests/integration/test_full_system_e2e.py::TestClientManagement::test_create_client_duplicate_email PASSED [ 23%]
tests/integration/test_full_system_e2e.py::TestClientManagement::test_list_clients PASSED [ 23%]
tests/integration/test_full_system_e2e.py::TestClientManagement::test_get_client_by_id PASSED [ 23%]
tests/integration/test_full_system_e2e.py::TestClientManagement::test_get_nonexistent_client PASSED [ 23%]
tests/integration/test_full_system_e2e.py::TestClientManagement::test_update_client PASSED [ 23%]
tests/integration/test_full_system_e2e.py::TestProjectManagement::test_create_project_complete PASSED [ 23%]
tests/integration/test_full_system_e2e.py::TestProjectManagement::test_create_project_minimal PASSED [ 24%]
tests/integration/test_full_system_e2e.py::TestProjectManagement::test_create_project_invalid_client PASSED [ 24%]
tests/integration/test_full_system_e2e.py::TestProjectManagement::test_list_projects PASSED [ 24%]
tests/integration/test_full_system_e2e.py::TestProjectManagement::test_get_project_by_id PASSED [ 24%]
tests/integration/test_full_system_e2e.py::TestProjectManagement::test_update_project_status PASSED [ 24%]
tests/integration/test_full_system_e2e.py::TestBriefProcessing::test_upload_brief_text PASSED [ 25%]
tests/integration/test_full_system_e2e.py::TestContentGeneration::test_template_selection PASSED [ 25%]
tests/integration/test_full_system_e2e.py::TestContentGeneration::test_check_runs_endpoint PASSED [ 25%]
tests/integration/test_full_system_e2e.py::TestQAValidation::test_validate_post PASSED [ 25%]
tests/integration/test_full_system_e2e.py::TestDeliverableExport::test_export_formats PASSED [ 25%]
tests/integration/test_memory_aware_generation.py::TestMemoryAwareGeneration::test_01_generation_without_memory PASSED [ 26%]
tests/integration/test_memory_aware_generation.py::TestMemoryAwareGeneration::test_02_generation_with_memory_no_db PASSED [ 26%]
tests/integration/test_memory_aware_generation.py::TestMemoryAwareGeneration::test_03_generation_with_memory_new_client 